
> golgappe-chain@1.0.0 node
> hardhat node

[32mStarted HTTP and WebSocket JSON-RPC server at http://127.0.0.1:8545/[39m

Accounts
========

[1mWARNING: These accounts, and their private keys, are publicly known.[22m
[1mAny funds sent to them on Mainnet or any other live network WILL BE LOST.[22m

Account #0: 0xf39Fd6e51aad88F6F4ce6aB8827279cffFb92266 (10000 ETH)
Private Key: 0xac0974bec39a17e36ba4a6b4d238ff944bacb478cbed5efcae784d7bf4f2ff80

Account #1: 0x70997970C51812dc3A010C7d01b50e0d17dc79C8 (10000 ETH)
Private Key: 0x59c6995e998f97a5a0044966f0945389dc9e86dae88c7a8412f4603b6b78690d

Account #2: 0x3C44CdDdB6a900fa2b585dd299e03d12FA4293BC (10000 ETH)
Private Key: 0x5de4111afa1a4b94908f83103eb1f1706367c2e68ca870fc3fb9a804cdab365a

Account #3: 0x90F79bf6EB2c4f870365E785982E1f101E93b906 (10000 ETH)
Private Key: 0x7c852118294e51e653712a81e05800f419141751be58f605c371e15141b007a6

Account #4: 0x15d34AAf54267DB7D7c367839AAf71A00a2C6A65 (10000 ETH)
Private Key: 0x47e179ec197488593b187f80a00eb0da91f1b9d0b13f8733639f19c30a34926a

Account #5: 0x9965507D1a55bcC2695C58ba16FB37d819B0A4dc (10000 ETH)
Private Key: 0x8b3a350cf5c34c9194ca85829a2df0ec3153be0318b5e2d3348e872092edffba

Account #6: 0x976EA74026E726554dB657fA54763abd0C3a0aa9 (10000 ETH)
Private Key: 0x92db14e403b83dfe3df233f83dfa3a0d7096f21ca9b0d6d6b8d88b2b4ec1564e

Account #7: 0x14dC79964da2C08b23698B3D3cc7Ca32193d9955 (10000 ETH)
Private Key: 0x4bbbf85ce3377467afe5d46f804f221813b2bb87f24d81f60f1fcdbf7cbf4356

Account #8: 0x23618e81E3f5cdF7f54C3d65f7FBc0aBf5B21E8f (10000 ETH)
Private Key: 0xdbda1821b80551c9d65939329250298aa3472ba22feea921c0cf5d620ea67b97

Account #9: 0xa0Ee7A142d267C1f36714E4a8F75612F20a79720 (10000 ETH)
Private Key: 0x2a871d0798f97d79848a013d4936a73bf4cc922c825d33c1cf7073dff6d409c6

Account #10: 0xBcd4042DE499D14e55001CcbB24a551F3b954096 (10000 ETH)
Private Key: 0xf214f2b2cd398c806f84e317254e0f0b801d0643303237d97a22a48e01628897

Account #11: 0x71bE63f3384f5fb98995898A86B02Fb2426c5788 (10000 ETH)
Private Key: 0x701b615bbdfb9de65240bc28bd21bbc0d996645a3dd57e7b12bc2bdf6f192c82

Account #12: 0xFABB0ac9d68B0B445fB7357272Ff202C5651694a (10000 ETH)
Private Key: 0xa267530f49f8280200edf313ee7af6b827f2a8bce2897751d06a843f644967b1

Account #13: 0x1CBd3b2770909D4e10f157cABC84C7264073C9Ec (10000 ETH)
Private Key: 0x47c99abed3324a2707c28affff1267e45918ec8c3f20b8aa892e8b065d2942dd

Account #14: 0xdF3e18d64BC6A983f673Ab319CCaE4f1a57C7097 (10000 ETH)
Private Key: 0xc526ee95bf44d8fc405a158bb884d9d1238d99f0612e9f33d006bb0789009aaa

Account #15: 0xcd3B766CCDd6AE721141F452C550Ca635964ce71 (10000 ETH)
Private Key: 0x8166f546bab6da521a8369cab06c5d2b9e46670292d85c875ee9ec20e84ffb61

Account #16: 0x2546BcD3c84621e976D8185a91A922aE77ECEc30 (10000 ETH)
Private Key: 0xea6c44ac03bff858b476bba40716402b03e41b8e97e276d1baec7c37d42484a0

Account #17: 0xbDA5747bFD65F08deb54cb465eB87D40e51B197E (10000 ETH)
Private Key: 0x689af8efa8c651a91ad287602527f3af2fe9f6501a7ac4b061667b5a93e037fd

Account #18: 0xdD2FD4581271e230360230F9337D5c0430Bf44C0 (10000 ETH)
Private Key: 0xde9be858da4a475276426320d5e9262ecfc3ba460bfac56360bfa6c4c28b4ee0

Account #19: 0x8626f6940E2eb28930eFb4CeF49B2d1F2C9C1199 (10000 ETH)
Private Key: 0xdf57089febbacf7ba0bc227dafbffa9fc08a93fdc68e1e42411a14efcf23656e

[1mWARNING: These accounts, and their private keys, are publicly known.[22m
[1mAny funds sent to them on Mainnet or any other live network WILL BE LOST.[22m

[32meth_chainId[0m
[32meth_accounts[0m
[32mhardhat_metadata[0m
[32mhardhat_metadata (2)[0m
[32mhardhat_metadata (3)[0m
[32mhardhat_metadata (4)[0m
[32mhardhat_metadata (5)[0m
[32mhardhat_metadata (6)[0m
[32mhardhat_metadata (7)[0m
[32mhardhat_metadata (8)[0m
[32mhardhat_metadata (9)[0m
[32mhardhat_metadata (10)[0m
[32mhardhat_metadata (11)[0m
[32mhardhat_metadata (12)[0m
[32mhardhat_metadata (13)[0m
[32mhardhat_metadata (14)[0m
[32mhardhat_metadata (15)[0m
[32mhardhat_metadata (16)[0m
[32mhardhat_metadata (17)[0m
[32mhardhat_metadata (18)[0m
[32mhardhat_metadata (19)[0m
[32mhardhat_metadata (20)[0m
[32meth_accounts[0m
[32mhardhat_metadata[0m
[32mhardhat_metadata (2)[0m
[32mhardhat_metadata (3)[0m
[32mhardhat_metadata (4)[0m
[32mhardhat_metadata (5)[0m
[32mhardhat_metadata (6)[0m
[32mhardhat_metadata (7)[0m
[32mhardhat_metadata (8)[0m
[32mhardhat_metadata (9)[0m
[32mhardhat_metadata (10)[0m
[32mhardhat_metadata (11)[0m
[32mhardhat_metadata (12)[0m
[32mhardhat_metadata (13)[0m
[32mhardhat_metadata (14)[0m
[32mhardhat_metadata (15)[0m
[32mhardhat_metadata (16)[0m
[32mhardhat_metadata (17)[0m
[32mhardhat_metadata (18)[0m
[32mhardhat_metadata (19)[0m
[32mhardhat_metadata (20)[0m
[32meth_blockNumber[0m
[32meth_getBlockByNumber[0m
[32meth_feeHistory[0m
[32meth_maxPriorityFeePerGas[0m
[32meth_sendTransaction[0m
  Contract deployment: BountyBoard
  Contract address:    0x5fbdb2315678afecb367f032d93f642f64180aa3
  Transaction:         0x6e91d47dfae3d642ac6be051b7c03d61a1449ff0c6a741c72a30961f5dc99db4
  From:                0xf39fd6e51aad88f6f4ce6ab8827279cfffb92266
  Value:               0 ETH
  Gas used:            992331 of 16777216
  Block #1:            0xdb4089704e2c28edbd092ddffcd0629314eab7463cce91b74b4f54d9a6b99d3e

[32meth_getTransactionByHash[0m
[32meth_getTransactionReceipt[0m
[32meth_accounts[0m
[32mhardhat_metadata[0m
[32mhardhat_metadata (2)[0m
[32mhardhat_metadata (3)[0m
[32mhardhat_metadata (4)[0m
[32mhardhat_metadata (5)[0m
[32mhardhat_metadata (6)[0m
[32mhardhat_metadata (7)[0m
[32mhardhat_metadata (8)[0m
[32mhardhat_metadata (9)[0m
[32mhardhat_metadata (10)[0m
[32mhardhat_metadata (11)[0m
[32mhardhat_metadata (12)[0m
[32mhardhat_metadata (13)[0m
[32mhardhat_metadata (14)[0m
[32mhardhat_metadata (15)[0m
[32mhardhat_metadata (16)[0m
[32mhardhat_metadata (17)[0m
[32mhardhat_metadata (18)[0m
[32mhardhat_metadata (19)[0m
[32mhardhat_metadata (20)[0m
[32meth_accounts[0m
[32mhardhat_metadata[0m
[32mhardhat_metadata (2)[0m
[32mhardhat_metadata (3)[0m
[32mhardhat_metadata (4)[0m
[32mhardhat_metadata (5)[0m
[32mhardhat_metadata (6)[0m
[32mhardhat_metadata (7)[0m
[32mhardhat_metadata (8)[0m
[32mhardhat_metadata (9)[0m
[32mhardhat_metadata (10)[0m
[32mhardhat_metadata (11)[0m
[32mhardhat_metadata (12)[0m
[32mhardhat_metadata (13)[0m
[32mhardhat_metadata (14)[0m
[32mhardhat_metadata (15)[0m
[32mhardhat_metadata (16)[0m
[32mhardhat_metadata (17)[0m
[32mhardhat_metadata (18)[0m
[32mhardhat_metadata (19)[0m
[32mhardhat_metadata (20)[0m
[32meth_accounts[0m
[32mhardhat_metadata[0m
[32mhardhat_metadata (2)[0m
[32mhardhat_metadata (3)[0m
[32mhardhat_metadata (4)[0m
[32mhardhat_metadata (5)[0m
[32mhardhat_metadata (6)[0m
[32mhardhat_metadata (7)[0m
[32mhardhat_metadata (8)[0m
[32mhardhat_metadata (9)[0m
[32mhardhat_metadata (10)[0m
[32mhardhat_metadata (11)[0m
[32mhardhat_metadata (12)[0m
[32mhardhat_metadata (13)[0m
[32mhardhat_metadata (14)[0m
[32mhardhat_metadata (15)[0m
[32mhardhat_metadata (16)[0m
[32mhardhat_metadata (17)[0m
[32mhardhat_metadata (18)[0m
[32mhardhat_metadata (19)[0m
[32mhardhat_metadata (20)[0m
[32meth_blockNumber[0m
[32meth_feeHistory[0m
[32meth_sendTransaction[0m
  Contract deployment: MockERC20
  Contract address:    0xe7f1725e7734ce288f8367e1bb143e90bb3f0512
  Transaction:         0xb861b34cf4f7ffc7b187b98da0a3195b0752f5ea1868eb49b14fcf53c0ce9c8d
  From:                0xf39fd6e51aad88f6f4ce6ab8827279cfffb92266
  Value:               0 ETH
  Gas used:            579835 of 16777216
  Block #2:            0x1b50ff2e838f5a0c8441ca8dcf3d00f93b0cef51d82ed7d797eef00ed9fa7fe8

[32meth_getTransactionByHash[0m
[32meth_getTransactionReceipt[0m
[32meth_blockNumber[0m
[32meth_feeHistory[0m
[32meth_sendTransaction[0m
  Contract deployment: MockERC20
  Contract address:    0x9fe46736679d2d9a65f0992f2272de9f3c7fa6e0
  Transaction:         0x16c04d8a3602bf9c066981d6dec18fa6b8f6a6d4c1d918489e529c1c9a95e0d7
  From:                0xf39fd6e51aad88f6f4ce6ab8827279cfffb92266
  Value:               0 ETH
  Gas used:            579823 of 16777216
  Block #3:            0xaca325bc41433d3152e4b3680515495596d07d530225400cffcf910d20e8a4c9

[32meth_getTransactionByHash[0m
[32meth_getTransactionReceipt[0m
[32meth_blockNumber[0m
[32meth_feeHistory[0m
[32meth_sendTransaction[0m
  Contract deployment: MockERC20
  Contract address:    0xcf7ed3acca5a467e9e704c703e8d87f634fb0fc9
  Transaction:         0x167caa2e5a9519f16e2f3c3df5fc5f44c61f9082bcb5ebd2031f02b8bf320cc4
  From:                0xf39fd6e51aad88f6f4ce6ab8827279cfffb92266
  Value:               0 ETH
  Gas used:            579799 of 16777216
  Block #4:            0x1f57af89620e196dac024e16026e3936fd63282b58aa09c179d592d96f373672

[32meth_getTransactionByHash[0m
[32meth_getTransactionReceipt[0m
[32meth_blockNumber[0m
[32meth_feeHistory[0m
[32meth_sendTransaction[0m
  Contract deployment: WETH9
  Contract address:    0xdc64a140aa3e981100a9beca4e685f962f0cf6c9
  Transaction:         0x001a3d100583dab068a471624121dab8e1b21a28be8923457f7b927af315b799
  From:                0xf39fd6e51aad88f6f4ce6ab8827279cfffb92266
  Value:               0 ETH
  Gas used:            593053 of 16777216
  Block #5:            0x0965eaca54a328af768bf19e6ea03b72989b1de329db3f2e534f34c0bca3317f

[32meth_getTransactionByHash[0m
[32meth_getTransactionReceipt[0m
[32meth_blockNumber[0m
[32meth_feeHistory[0m
[32meth_sendTransaction[0m
  Contract deployment: LocalSwapPool
  Contract address:    0x5fc8d32690cc91d4c39d9d3abcbd16989f875707
  Transaction:         0x81d69fc1110455dae3a67b7aaa9a473a5f184f32869b4e22960aa76d3aea777c
  From:                0xf39fd6e51aad88f6f4ce6ab8827279cfffb92266
  Value:               0 ETH
  Gas used:            724196 of 16777216
  Block #6:            0x2cbdc62c644b1d654e9d04f8be790b22a75e0636cc67c0c32813cef211d12597

[32meth_getTransactionByHash[0m
[32meth_getTransactionReceipt[0m
[32meth_blockNumber[0m
[32meth_feeHistory[0m
[32meth_sendTransaction[0m
  Contract deployment: LocalSwapPool
  Contract address:    0x0165878a594ca255338adfa4d48449f69242eb8f
  Transaction:         0xdb99da7cf26c0095aefbdc40d21c7395be23c14d6d3436d0951b20b6181cc587
  From:                0xf39fd6e51aad88f6f4ce6ab8827279cfffb92266
  Value:               0 ETH
  Gas used:            724196 of 16777216
  Block #7:            0xb877de237ebc0a0d42c992a3f8b6e8abc033ddb972bbf8c47b45ebcece5f055b

[32meth_getTransactionByHash[0m
[32meth_getTransactionReceipt[0m
[32meth_blockNumber[0m
[32meth_feeHistory[0m
[32meth_sendTransaction[0m
  Contract deployment: LocalSwapPool
  Contract address:    0xa513e6e4b8f2a923d98304ec87f64353c4d5c853
  Transaction:         0x54b526bf61e40e851f4a017190c478dbac34b0ce0cb978a3b12774146e4e1078
  From:                0xf39fd6e51aad88f6f4ce6ab8827279cfffb92266
  Value:               0 ETH
  Gas used:            724196 of 16777216
  Block #8:            0x851f137fe07ba9106244491f3044b70cce53fedd301227a26c5836ecbf9321a7

[32meth_getTransactionByHash[0m
[32meth_getTransactionReceipt[0m
[32meth_blockNumber[0m
[32meth_feeHistory[0m
[32meth_sendTransaction[0m
  Contract call:       WETH9#deposit
  Transaction:         0x8f4421eb1d0cc4f6c93edf1846c30065e42bfb982488378ecf3bc3582a7d60e0
  From:                0xf39fd6e51aad88f6f4ce6ab8827279cfffb92266
  To:                  0xdc64a140aa3e981100a9beca4e685f962f0cf6c9
  Value:               50. ETH
  Gas used:            67728 of 16777216
  Block #9:            0x8e437fe4b05cf5f24ddf6df46ff334a516a8247c1de41bb6d9e50c6fe36d475f

[32meth_getTransactionByHash[0m
[32meth_getTransactionReceipt[0m
[32meth_blockNumber[0m
[32meth_feeHistory[0m
[32meth_sendTransaction[0m
  Contract call:       MockERC20#approve
  Transaction:         0x5738863435faa1925ec7c1132552162305d6ae56c3588fbbf0a84d55c3a9f6d7
  From:                0xf39fd6e51aad88f6f4ce6ab8827279cfffb92266
  To:                  0xe7f1725e7734ce288f8367e1bb143e90bb3f0512
  Value:               0 ETH
  Gas used:            46391 of 16777216
  Block #10:           0xa0808bdb39393788acd325b6a367d9057aa61bac8bb59cef7d9d29c43668f1ad

[32meth_getTransactionByHash[0m
[32meth_getTransactionReceipt[0m
[32meth_blockNumber[0m
[32meth_feeHistory[0m
[32meth_sendTransaction[0m
  Contract call:       WETH9#approve
  Transaction:         0x15bb0d3b677ebe31619c3459ffb7b24a7633aa4d57120d575e13cad161904865
  From:                0xf39fd6e51aad88f6f4ce6ab8827279cfffb92266
  To:                  0xdc64a140aa3e981100a9beca4e685f962f0cf6c9
  Value:               0 ETH
  Gas used:            46379 of 16777216
  Block #11:           0x94208559fced49ce6fa07a840739f94d2a48bc89e2dbeecafe688c83e04ff788

[32meth_getTransactionByHash[0m
[32meth_getTransactionReceipt[0m
[32meth_blockNumber[0m
[32meth_feeHistory[0m
[32meth_sendTransaction[0m
  Contract call:       LocalSwapPool#addLiquidity
  Transaction:         0x24ebbb5cf9309badb852b671df0e0ab26d7a82e4cbe67669a914c6d4d0d62788
  From:                0xf39fd6e51aad88f6f4ce6ab8827279cfffb92266
  To:                  0x5fc8d32690cc91d4c39d9d3abcbd16989f875707
  Value:               0 ETH
  Gas used:            130987 of 16777216
  Block #12:           0xa1bf9df9ff0c2e1e358ddbb2e658234925b1d81bd2460c162553795c74d5e85a

[32meth_getTransactionByHash[0m
[32meth_getTransactionReceipt[0m
[32meth_blockNumber[0m
[32meth_feeHistory[0m
[32meth_sendTransaction[0m
  Contract call:       WETH9#deposit
  Transaction:         0xc339083b1c4cf196a0ddeced173cf57fd0fcceb80e6353cbfb0c10ae39cda17b
  From:                0xf39fd6e51aad88f6f4ce6ab8827279cfffb92266
  To:                  0xdc64a140aa3e981100a9beca4e685f962f0cf6c9
  Value:               300. ETH
  Gas used:            50628 of 16777216
  Block #13:           0x3130b7e2d61c0bd21c0bec297008058bcfed88873d5748ed02309cf8b0de05b6

[32meth_getTransactionByHash[0m
[32meth_getTransactionReceipt[0m
[32meth_blockNumber[0m
[32meth_feeHistory[0m
[32meth_sendTransaction[0m
  Contract call:       MockERC20#approve
  Transaction:         0x5f9fbe626fb288b8e7b80444aaf61451f3ce803cc47a235d7619aacd5d86c784
  From:                0xf39fd6e51aad88f6f4ce6ab8827279cfffb92266
  To:                  0x9fe46736679d2d9a65f0992f2272de9f3c7fa6e0
  Value:               0 ETH
  Gas used:            46331 of 16777216
  Block #14:           0x0eff3b1eb5f6d16325c2fce7489da19fc2f6c70e9921b4267aa52648f6aaec21

[32meth_getTransactionByHash[0m
[32meth_getTransactionReceipt[0m
[32meth_blockNumber[0m
[32meth_feeHistory[0m
[32meth_sendTransaction[0m
  Contract call:       WETH9#approve
  Transaction:         0x868027ddec573f8ad3935a46a8cb453a645762ef53e6c658e4fbd2b7ce87572f
  From:                0xf39fd6e51aad88f6f4ce6ab8827279cfffb92266
  To:                  0xdc64a140aa3e981100a9beca4e685f962f0cf6c9
  Value:               0 ETH
  Gas used:            46379 of 16777216
  Block #15:           0x735bf4e5a419485441032161fe8d0bf6626bbc34a0ce5334ad656c67bdf7bd89

[32meth_getTransactionByHash[0m
[32meth_getTransactionReceipt[0m
[32meth_blockNumber[0m
[32meth_feeHistory[0m
[32meth_sendTransaction[0m
  Contract call:       LocalSwapPool#addLiquidity
  Transaction:         0xc3835d3d33681a2efd24a4c277dc7ec77b604c9578434ab215e64a2063755293
  From:                0xf39fd6e51aad88f6f4ce6ab8827279cfffb92266
  To:                  0x0165878a594ca255338adfa4d48449f69242eb8f
  Value:               0 ETH
  Gas used:            130927 of 16777216
  Block #16:           0xc9ab601cdf33e76920dee7deeccefe745a4052b03c7f78bdf5bd94a64bb25cd6

[32meth_getTransactionByHash[0m
[32meth_getTransactionReceipt[0m
[32meth_blockNumber[0m
[32meth_feeHistory[0m
[32meth_sendTransaction[0m
  Contract call:       WETH9#deposit
  Transaction:         0x7300d3776c2bda47d659617be484616395d284ba485a4cdcd7a1472ec85336d1
  From:                0xf39fd6e51aad88f6f4ce6ab8827279cfffb92266
  To:                  0xdc64a140aa3e981100a9beca4e685f962f0cf6c9
  Value:               300. ETH
  Gas used:            50628 of 16777216
  Block #17:           0x2b1e376b0fee1d0543abd9e13b11c2988d809b444844ab933736ac7cd3532721

[32meth_getTransactionByHash[0m
[32meth_getTransactionReceipt[0m
[32meth_blockNumber[0m
[32meth_feeHistory[0m
[32meth_sendTransaction[0m
  Contract call:       MockERC20#approve
  Transaction:         0x8de5a77e9ccaa511aa0f51e9f0657b47db76b40b26f32dba06903df906b8781d
  From:                0xf39fd6e51aad88f6f4ce6ab8827279cfffb92266
  To:                  0xcf7ed3acca5a467e9e704c703e8d87f634fb0fc9
  Value:               0 ETH
  Gas used:            46343 of 16777216
  Block #18:           0xdcc992ea84c6dafc5e6f63733e5f90091b3dec6790faada670b4d37e6be99de0

[32meth_getTransactionByHash[0m
[32meth_getTransactionReceipt[0m
[32meth_blockNumber[0m
[32meth_feeHistory[0m
[32meth_sendTransaction[0m
  Contract call:       WETH9#approve
  Transaction:         0x86df67585dcf060e53e328f93f0ba7d7d4dfcfa230f9b316e532fb443d67633b
  From:                0xf39fd6e51aad88f6f4ce6ab8827279cfffb92266
  To:                  0xdc64a140aa3e981100a9beca4e685f962f0cf6c9
  Value:               0 ETH
  Gas used:            46379 of 16777216
  Block #19:           0x9b0bf73d5b8c82bdc1f5070b6fd44ceae53d2b166b7073435a6787bbbfc52c81

[32meth_getTransactionByHash[0m
[32meth_getTransactionReceipt[0m
[32meth_blockNumber[0m
[32meth_feeHistory[0m
[32meth_sendTransaction[0m
  Contract call:       LocalSwapPool#addLiquidity
  Transaction:         0x0b434922c7602f3dd1ccdbf1f0e77829b0ab6120e1f117273a5ea332316afaa6
  From:                0xf39fd6e51aad88f6f4ce6ab8827279cfffb92266
  To:                  0xa513e6e4b8f2a923d98304ec87f64353c4d5c853
  Value:               0 ETH
  Gas used:            130939 of 16777216
  Block #20:           0x8782ee790cf20b64400883d530d8d7be90082a534601b5994b4eb2f491ad2820

[32meth_getTransactionByHash[0m
[32meth_getTransactionReceipt[0m
[32meth_accounts[0m
[32mhardhat_metadata[0m
[32mhardhat_metadata (2)[0m
[32mhardhat_metadata (3)[0m
[32mhardhat_metadata (4)[0m
[32mhardhat_metadata (5)[0m
[32mhardhat_metadata (6)[0m
[32mhardhat_metadata (7)[0m
[32mhardhat_metadata (8)[0m
[32mhardhat_metadata (9)[0m
[32mhardhat_metadata (10)[0m
[32mhardhat_metadata (11)[0m
[32mhardhat_metadata (12)[0m
[32mhardhat_metadata (13)[0m
[32mhardhat_metadata (14)[0m
[32mhardhat_metadata (15)[0m
[32mhardhat_metadata (16)[0m
[32mhardhat_metadata (17)[0m
[32mhardhat_metadata (18)[0m
[32mhardhat_metadata (19)[0m
[32mhardhat_metadata (20)[0m
[32meth_blockNumber[0m
[32meth_feeHistory[0m
[32meth_sendTransaction[0m
  Contract deployment: BountyVault
  Contract address:    0xc6e7df5e7b4f2a278906862b61205850344d4e7d
  Transaction:         0xf02dc33429b7c66279fe7afcccd008c5c4ffb97854536291bb6a5698e7d1d31b
  From:                0xf39fd6e51aad88f6f4ce6ab8827279cfffb92266
  Value:               0 ETH
  Gas used:            1207855 of 16777216
  Block #21:           0xf17aabc2317930d9326350fb3fc4e2e20512158a53e1966ee55d962bae3f6a86

[32meth_getTransactionByHash[0m
[32meth_getTransactionReceipt[0m
[32meth_blockNumber[0m
[32meth_getBalance[0m
[32meth_blockNumber[0m
[32meth_getBlockByNumber[0m
[32meth_blockNumber[0m
[32meth_accounts[0m
[31meth_call[0m
  Contract deployment: <UnrecognizedContract>
  From:                0xf39fd6e51aad88f6f4ce6ab8827279cfffb92266

  TransactionExecutionError: StackOverflow

[32meth_gasPrice[0m
[32meth_chainId[0m
[32meth_getCode[0m
[32meth_chainId[0m
[32meth_call[0m
  Contract call:       BountyBoard#getRepoIds
  From:                0xf39fd6e51aad88f6f4ce6ab8827279cfffb92266
  To:                  0x5fbdb2315678afecb367f032d93f642f64180aa3

[32meth_call[0m
  Contract call:       BountyBoard#getRepoIds
  From:                0xf39fd6e51aad88f6f4ce6ab8827279cfffb92266
  To:                  0x5fbdb2315678afecb367f032d93f642f64180aa3

[32meth_chainId[0m
[32meth_getCode[0m
[32meth_chainId[0m
[32meth_call[0m
  Contract call:       BountyBoard#getRepo
  From:                0xf39fd6e51aad88f6f4ce6ab8827279cfffb92266
  To:                  0x5fbdb2315678afecb367f032d93f642f64180aa3

[32meth_getCode[0m
[32meth_chainId[0m
[32meth_chainId (2)[0m
[32meth_call[0m
  Contract call:       BountyBoard#getRepo
  From:                0xf39fd6e51aad88f6f4ce6ab8827279cfffb92266
  To:                  0x5fbdb2315678afecb367f032d93f642f64180aa3

[32meth_getTransactionCount[0m
[32meth_chainId[0m
[32meth_estimateGas[0m
[32meth_chainId[0m
[32meth_chainId (2)[0m
[32meth_gasPrice[0m
[32meth_maxPriorityFeePerGas[0m
[32meth_getBlockByNumber[0m
[32meth_chainId[0m
[32meth_blockNumber[0m
[32meth_chainId[0m
[32meth_sendRawTransaction[0m
  Contract call:       BountyBoard#registerRepo
  Transaction:         0xa12d72581906f7f41b002c69a9dbd306d54f604b8e10723f4cf94e0e908771cc
  From:                0xf39fd6e51aad88f6f4ce6ab8827279cfffb92266
  To:                  0x5fbdb2315678afecb367f032d93f642f64180aa3
  Value:               0 ETH
  Gas used:            159209 of 159209
  Block #22:           0xb2c80a8b866e2a14d22c84faf4543984acce45f2cd3e73d037a4097e68a80d46

[32meth_chainId[0m
[32meth_getTransactionReceipt[0m
[32meth_chainId[0m
[32meth_estimateGas[0m
[32meth_chainId[0m
[32meth_chainId (2)[0m
[32meth_chainId (3)[0m
[32meth_chainId (4)[0m
[32meth_sendRawTransaction[0m
  Contract call:       BountyBoard#createBounty
  Transaction:         0x8f155a4a1a971cf60322b6f4c9526147fa2917c178cea2e4a727c97c4aeac1d0
  From:                0xf39fd6e51aad88f6f4ce6ab8827279cfffb92266
  To:                  0x5fbdb2315678afecb367f032d93f642f64180aa3
  Value:               100. ETH
  Gas used:            251127 of 251127
  Block #23:           0xa7e1d93e93f714e8f28fe9d25592987f94081869386363c4daa88ad29a1291d0

[32meth_chainId[0m
[32meth_getTransactionReceipt[0m
[32meth_chainId[0m
[32meth_getCode[0m
[32meth_chainId[0m
[32meth_call[0m
  Contract call:       BountyBoard#getRepoIds
  From:                0xf39fd6e51aad88f6f4ce6ab8827279cfffb92266
  To:                  0x5fbdb2315678afecb367f032d93f642f64180aa3

[32meth_call[0m
  Contract call:       BountyBoard#getRepoIds
  From:                0xf39fd6e51aad88f6f4ce6ab8827279cfffb92266
  To:                  0x5fbdb2315678afecb367f032d93f642f64180aa3

[32meth_call[0m
  Contract call:       BountyBoard#getRepoIds
  From:                0xf39fd6e51aad88f6f4ce6ab8827279cfffb92266
  To:                  0x5fbdb2315678afecb367f032d93f642f64180aa3

[32meth_call[0m
  Contract call:       BountyBoard#getRepoIds
  From:                0xf39fd6e51aad88f6f4ce6ab8827279cfffb92266
  To:                  0x5fbdb2315678afecb367f032d93f642f64180aa3

[32meth_chainId[0m
[32meth_call[0m
  Contract call:       BountyBoard#getRepo
  From:                0xf39fd6e51aad88f6f4ce6ab8827279cfffb92266
  To:                  0x5fbdb2315678afecb367f032d93f642f64180aa3

[32meth_call[0m
  Contract call:       BountyBoard#getRepo
  From:                0xf39fd6e51aad88f6f4ce6ab8827279cfffb92266
  To:                  0x5fbdb2315678afecb367f032d93f642f64180aa3

[32meth_call[0m
  Contract call:       BountyBoard#getRepo
  From:                0xf39fd6e51aad88f6f4ce6ab8827279cfffb92266
  To:                  0x5fbdb2315678afecb367f032d93f642f64180aa3

[32meth_call[0m
  Contract call:       BountyBoard#getRepo
  From:                0xf39fd6e51aad88f6f4ce6ab8827279cfffb92266
  To:                  0x5fbdb2315678afecb367f032d93f642f64180aa3

[32meth_chainId[0m
[32meth_chainId (2)[0m
[32meth_call[0m
  Contract call:       BountyBoard#getRepoIds
  From:                0xf39fd6e51aad88f6f4ce6ab8827279cfffb92266
  To:                  0x5fbdb2315678afecb367f032d93f642f64180aa3

[32meth_call[0m
  Contract call:       BountyBoard#getRepoIds
  From:                0xf39fd6e51aad88f6f4ce6ab8827279cfffb92266
  To:                  0x5fbdb2315678afecb367f032d93f642f64180aa3

[32meth_call[0m
  Contract call:       BountyBoard#getRepo
  From:                0xf39fd6e51aad88f6f4ce6ab8827279cfffb92266
  To:                  0x5fbdb2315678afecb367f032d93f642f64180aa3

[32meth_call[0m
  Contract call:       BountyBoard#getRepo
  From:                0xf39fd6e51aad88f6f4ce6ab8827279cfffb92266
  To:                  0x5fbdb2315678afecb367f032d93f642f64180aa3

[32meth_call[0m
  Contract call:       BountyBoard#getRepo
  From:                0xf39fd6e51aad88f6f4ce6ab8827279cfffb92266
  To:                  0x5fbdb2315678afecb367f032d93f642f64180aa3

[32meth_call[0m
  Contract call:       BountyBoard#getRepo
  From:                0xf39fd6e51aad88f6f4ce6ab8827279cfffb92266
  To:                  0x5fbdb2315678afecb367f032d93f642f64180aa3

[32meth_call[0m
  Contract call:       BountyBoard#getRepo
  From:                0xf39fd6e51aad88f6f4ce6ab8827279cfffb92266
  To:                  0x5fbdb2315678afecb367f032d93f642f64180aa3

[32meth_call[0m
  Contract call:       BountyBoard#getBounty
  From:                0xf39fd6e51aad88f6f4ce6ab8827279cfffb92266
  To:                  0x5fbdb2315678afecb367f032d93f642f64180aa3

[32meth_call[0m
  Contract call:       BountyBoard#getBounty
  From:                0xf39fd6e51aad88f6f4ce6ab8827279cfffb92266
  To:                  0x5fbdb2315678afecb367f032d93f642f64180aa3

[32meth_call[0m
  Contract call:       BountyBoard#getBounty
  From:                0xf39fd6e51aad88f6f4ce6ab8827279cfffb92266
  To:                  0x5fbdb2315678afecb367f032d93f642f64180aa3

[32meth_chainId[0m
[32meth_chainId (2)[0m
[32meth_chainId (3)[0m
[32meth_call[0m
  Contract call:       BountyBoard#getRepo
  From:                0xf39fd6e51aad88f6f4ce6ab8827279cfffb92266
  To:                  0x5fbdb2315678afecb367f032d93f642f64180aa3

[32meth_chainId[0m
[32meth_call[0m
  Contract call:       BountyBoard#getRepo
  From:                0xf39fd6e51aad88f6f4ce6ab8827279cfffb92266
  To:                  0x5fbdb2315678afecb367f032d93f642f64180aa3

[32meth_call[0m
  Contract call:       BountyBoard#getRepo
  From:                0xf39fd6e51aad88f6f4ce6ab8827279cfffb92266
  To:                  0x5fbdb2315678afecb367f032d93f642f64180aa3

[32meth_call[0m
  Contract call:       BountyBoard#getBounty
  From:                0xf39fd6e51aad88f6f4ce6ab8827279cfffb92266
  To:                  0x5fbdb2315678afecb367f032d93f642f64180aa3

[32meth_call[0m
  Contract call:       BountyBoard#getBounty
  From:                0xf39fd6e51aad88f6f4ce6ab8827279cfffb92266
  To:                  0x5fbdb2315678afecb367f032d93f642f64180aa3

[32meth_chainId[0m
[32meth_call[0m
  Contract call:       BountyBoard#getBounty
  From:                0xf39fd6e51aad88f6f4ce6ab8827279cfffb92266
  To:                  0x5fbdb2315678afecb367f032d93f642f64180aa3

[32meth_call[0m
  Contract call:       BountyBoard#getBounty
  From:                0xf39fd6e51aad88f6f4ce6ab8827279cfffb92266
  To:                  0x5fbdb2315678afecb367f032d93f642f64180aa3

[32meth_chainId[0m
[32meth_getCode[0m
[32meth_chainId[0m
[32meth_call[0m
  Contract call:       BountyBoard#getBounty
  From:                0xf39fd6e51aad88f6f4ce6ab8827279cfffb92266
  To:                  0x5fbdb2315678afecb367f032d93f642f64180aa3

[32meth_getCode[0m
[32meth_chainId[0m
[32meth_chainId (2)[0m
[32meth_call[0m
  Contract call:       BountyBoard#getBounty
  From:                0xf39fd6e51aad88f6f4ce6ab8827279cfffb92266
  To:                  0x5fbdb2315678afecb367f032d93f642f64180aa3

[32meth_getCode[0m
[32meth_chainId[0m
[32meth_chainId (2)[0m
[32meth_call[0m
  Contract call:       BountyBoard#getBounty
  From:                0xf39fd6e51aad88f6f4ce6ab8827279cfffb92266
  To:                  0x5fbdb2315678afecb367f032d93f642f64180aa3

[32meth_chainId[0m
[32meth_getTransactionCount[0m
[32meth_estimateGas[0m
[32meth_chainId[0m
[32meth_chainId (2)[0m
[32meth_gasPrice[0m
[32meth_maxPriorityFeePerGas[0m
[32meth_getBlockByNumber[0m
[32meth_chainId[0m
[32meth_blockNumber[0m
[32meth_sendRawTransaction[0m
  Contract call:       BountyBoard#claimBounty
  Transaction:         0x095d2c0df529c6756cede717be1ca02a2fa7cb474d12b9a05b0c6b643bdd7103
  From:                0xf39fd6e51aad88f6f4ce6ab8827279cfffb92266
  To:                  0x5fbdb2315678afecb367f032d93f642f64180aa3
  Value:               0 ETH
  Gas used:            41307 of 41307
  Block #24:           0x91dabf3a3135c4d7c3a7ca2e182c93c43b9012b6900d17b50dccfbabe3d97922

[32meth_chainId[0m
[32meth_chainId (2)[0m
[32meth_getTransactionReceipt[0m
[32meth_chainId[0m
[32meth_call[0m
  Contract call:       LocalSwapPool#token0
  From:                0xf39fd6e51aad88f6f4ce6ab8827279cfffb92266
  To:                  0xa513e6e4b8f2a923d98304ec87f64353c4d5c853

[32meth_chainId[0m
[32meth_call[0m
  Contract call:       LocalSwapPool#token1
  From:                0xf39fd6e51aad88f6f4ce6ab8827279cfffb92266
  To:                  0xa513e6e4b8f2a923d98304ec87f64353c4d5c853

[32meth_call[0m
  Contract call:       MockERC20#balanceOf
  From:                0xf39fd6e51aad88f6f4ce6ab8827279cfffb92266
  To:                  0xcf7ed3acca5a467e9e704c703e8d87f634fb0fc9

[32meth_chainId[0m
[32meth_chainId (2)[0m
[32meth_estimateGas[0m
[32meth_chainId[0m
[32meth_chainId (2)[0m
[32meth_chainId (3)[0m
[32meth_chainId (4)[0m
[32meth_sendRawTransaction[0m
  Contract call:       WETH9#deposit
  Transaction:         0x166b6fb342de8a5e413e5d9b60f67ea8b1479cb206df3eaacb653b4dc9a4c313
  From:                0xf39fd6e51aad88f6f4ce6ab8827279cfffb92266
  To:                  0xdc64a140aa3e981100a9beca4e685f962f0cf6c9
  Value:               100. ETH
  Gas used:            50628 of 50628
  Block #25:           0x16bba76e0a4a65b87f27e19090329f9099f2cd9d4e86ec8784873574bb4b4dae

[32meth_chainId[0m
[32meth_getTransactionReceipt[0m
[32meth_getTransactionCount[0m
[32meth_chainId[0m
[32meth_estimateGas[0m
[32meth_chainId[0m
[32meth_chainId (2)[0m
[32meth_gasPrice[0m
[32meth_maxPriorityFeePerGas[0m
[32meth_getBlockByNumber[0m
[32meth_chainId[0m
[32meth_blockNumber[0m
[32meth_chainId[0m
[32meth_sendRawTransaction[0m
  Contract call:       WETH9#approve
  Transaction:         0x80c02c9bd535417bdf21e87de214492f56f2dbb4896d03a2f0d9e818a2bb2cd8
  From:                0xf39fd6e51aad88f6f4ce6ab8827279cfffb92266
  To:                  0xdc64a140aa3e981100a9beca4e685f962f0cf6c9
  Value:               0 ETH
  Gas used:            46379 of 46379
  Block #26:           0xdd9a0d43f5235ff588260a0fdbd718641c8c57a41e9bbae8154f846aa34cf69e

[32meth_chainId[0m
[32meth_getTransactionReceipt[0m
[32meth_chainId[0m
[32meth_call[0m
  Contract call:       LocalSwapPool#getAmountOut
  From:                0xf39fd6e51aad88f6f4ce6ab8827279cfffb92266
  To:                  0xa513e6e4b8f2a923d98304ec87f64353c4d5c853

[32meth_chainId[0m
[32meth_estimateGas[0m
[32meth_chainId[0m
[32meth_chainId (2)[0m
[32meth_chainId (3)[0m
[32meth_sendRawTransaction[0m
  Contract call:       LocalSwapPool#swapToken0ForToken1
  Transaction:         0xf61f9af999fe491a198709b84e4398d44502705802225e945f486b1d6d3e996e
  From:                0xf39fd6e51aad88f6f4ce6ab8827279cfffb92266
  To:                  0xa513e6e4b8f2a923d98304ec87f64353c4d5c853
  Value:               0 ETH
  Gas used:            63427 of 73337
  Block #27:           0x4a3b8cffcbd99aa8067464a69746c3465aa2eed7d3b081e4bec85825f334631b

[32meth_chainId[0m
[32meth_chainId (2)[0m
[32meth_getTransactionReceipt[0m
[32meth_chainId[0m
[32meth_call[0m
  Contract call:       MockERC20#balanceOf
  From:                0xf39fd6e51aad88f6f4ce6ab8827279cfffb92266
  To:                  0xcf7ed3acca5a467e9e704c703e8d87f634fb0fc9

[32meth_chainId[0m
[32meth_call[0m
  Contract call:       MockERC20#decimals
  From:                0xf39fd6e51aad88f6f4ce6ab8827279cfffb92266
  To:                  0xcf7ed3acca5a467e9e704c703e8d87f634fb0fc9

[32meth_getTransactionCount[0m
[32meth_chainId[0m
[32meth_estimateGas[0m
[32meth_chainId[0m
[32meth_chainId (2)[0m
[32meth_gasPrice[0m
[32meth_maxPriorityFeePerGas[0m
[32meth_getBlockByNumber[0m
[32meth_chainId[0m
[32meth_blockNumber[0m
[32meth_chainId[0m
[32meth_sendRawTransaction[0m
  Contract call:       MockERC20#transfer
  Transaction:         0x35e2f4688104cc6e838622cf2103f5a0343fac8153b295faed52da82a1fc240b
  From:                0xf39fd6e51aad88f6f4ce6ab8827279cfffb92266
  To:                  0xcf7ed3acca5a467e9e704c703e8d87f634fb0fc9
  Value:               0 ETH
  Gas used:            51602 of 51602
  Block #28:           0x6c44e9a823de473a6b62802ead08c296ef4576605231b381d030383ad63b3ef2

[32meth_chainId[0m
[32meth_getTransactionReceipt[0m
[32meth_chainId[0m
[32meth_getCode[0m
[32meth_chainId[0m
[32meth_call[0m
  Contract call:       BountyBoard#getRepoIds
  From:                0xf39fd6e51aad88f6f4ce6ab8827279cfffb92266
  To:                  0x5fbdb2315678afecb367f032d93f642f64180aa3

[32meth_chainId[0m
[32meth_call[0m
  Contract call:       BountyBoard#getRepo
  From:                0xf39fd6e51aad88f6f4ce6ab8827279cfffb92266
  To:                  0x5fbdb2315678afecb367f032d93f642f64180aa3

[32meth_chainId[0m
[32meth_chainId (2)[0m
[32meth_call[0m
  Contract call:       BountyBoard#getRepo
  From:                0xf39fd6e51aad88f6f4ce6ab8827279cfffb92266
  To:                  0x5fbdb2315678afecb367f032d93f642f64180aa3

[32meth_chainId[0m
[32meth_call[0m
  Contract call:       BountyBoard#getBounty
  From:                0xf39fd6e51aad88f6f4ce6ab8827279cfffb92266
  To:                  0x5fbdb2315678afecb367f032d93f642f64180aa3

[32meth_blockNumber[0m
[32meth_call[0m
  Contract call:       BountyVault#totalAssets
  From:                0x70997970c51812dc3a010c7d01b50e0d17dc79c8
  To:                  0xc6e7df5e7b4f2a278906862b61205850344d4e7d

[32meth_call[0m
  Contract call:       BountyVault#totalSupply
  From:                0x70997970c51812dc3a010c7d01b50e0d17dc79c8
  To:                  0xc6e7df5e7b4f2a278906862b61205850344d4e7d

[32meth_call[0m
  Contract call:       BountyVault#totalYieldHarvested
  From:                0x70997970c51812dc3a010c7d01b50e0d17dc79c8
  To:                  0xc6e7df5e7b4f2a278906862b61205850344d4e7d

[32meth_call[0m
  Contract call:       MockERC20#balanceOf
  From:                0x70997970c51812dc3a010c7d01b50e0d17dc79c8
  To:                  0xcf7ed3acca5a467e9e704c703e8d87f634fb0fc9

[32meth_call[0m
  Contract call:       BountyVault#balanceOf
  From:                0x70997970c51812dc3a010c7d01b50e0d17dc79c8
  To:                  0xc6e7df5e7b4f2a278906862b61205850344d4e7d

[32meth_call[0m
  Contract call:       MockERC20#allowance
  From:                0x70997970c51812dc3a010c7d01b50e0d17dc79c8
  To:                  0xcf7ed3acca5a467e9e704c703e8d87f634fb0fc9

[32meth_blockNumber[0m
[32meth_estimateGas[0m
[32meth_getCode[0m
[32meth_getCode (2)[0m
[32meth_gasPrice[0m
[32meth_getBalance[0m
[32meth_blockNumber[0m
[31meth_call[0m
  Contract call:       MockERC20#<unrecognized-selector>
  From:                0xf39fd6e51aad88f6f4ce6ab8827279cfffb92266
  To:                  0xcf7ed3acca5a467e9e704c703e8d87f634fb0fc9

  Error: Transaction reverted without a reason

[31meth_call[0m
  Contract call:       MockERC20#<unrecognized-selector>
  From:                0xf39fd6e51aad88f6f4ce6ab8827279cfffb92266
  To:                  0xcf7ed3acca5a467e9e704c703e8d87f634fb0fc9

  Error: Transaction reverted without a reason

[32meth_call[0m
  Contract call:       MockERC20#symbol
  From:                0xf39fd6e51aad88f6f4ce6ab8827279cfffb92266
  To:                  0xcf7ed3acca5a467e9e704c703e8d87f634fb0fc9

[32meth_call[0m
  Contract call:       MockERC20#decimals
  From:                0xf39fd6e51aad88f6f4ce6ab8827279cfffb92266
  To:                  0xcf7ed3acca5a467e9e704c703e8d87f634fb0fc9

[32meth_blockNumber[0m
[32meth_getBlockByNumber[0m
[31meth_call[0m
  Contract call:       MockERC20#<unrecognized-selector>
  From:                0xf39fd6e51aad88f6f4ce6ab8827279cfffb92266
  To:                  0xcf7ed3acca5a467e9e704c703e8d87f634fb0fc9

  Error: Transaction reverted without a reason

[31meth_call[0m
  Contract call:       MockERC20#<unrecognized-selector>
  From:                0xf39fd6e51aad88f6f4ce6ab8827279cfffb92266
  To:                  0xcf7ed3acca5a467e9e704c703e8d87f634fb0fc9

  Error: Transaction reverted without a reason

[32meth_call[0m
  Contract call:       MockERC20#balanceOf
  From:                0xf39fd6e51aad88f6f4ce6ab8827279cfffb92266
  To:                  0xcf7ed3acca5a467e9e704c703e8d87f634fb0fc9

[32meth_getTransactionCount[0m
[32meth_sendRawTransaction[0m
  Contract call:       MockERC20#mint
  Transaction:         0x34f09da6950b5a6a488cb848a93c5434fa69e3fde1ba19032fc406e6e47de1ca
  From:                0x70997970c51812dc3a010c7d01b50e0d17dc79c8
  To:                  0xcf7ed3acca5a467e9e704c703e8d87f634fb0fc9
  Value:               0 ETH
  Gas used:            34180 of 34180
  Block #29:           0x115a8bd006abd18329c0cd9c273eb930e044dedd395255666f06b9adfbdcc0bc

[31meth_call[0m
  Contract call:       MockERC20#<unrecognized-selector>
  From:                0xf39fd6e51aad88f6f4ce6ab8827279cfffb92266
  To:                  0xcf7ed3acca5a467e9e704c703e8d87f634fb0fc9

  Error: Transaction reverted without a reason

[32meth_getTransactionReceipt[0m
[31meth_call[0m
  Contract deployment: <UnrecognizedContract>
  From:                0xf39fd6e51aad88f6f4ce6ab8827279cfffb92266

  TransactionExecutionError: StackOverflow

[32meth_blockNumber[0m
[31meth_call[0m
  Contract call:       MockERC20#<unrecognized-selector>
  From:                0xf39fd6e51aad88f6f4ce6ab8827279cfffb92266
  To:                  0xcf7ed3acca5a467e9e704c703e8d87f634fb0fc9

  Error: Transaction reverted without a reason

[32meth_call[0m
  Contract call:       MockERC20#symbol
  From:                0xf39fd6e51aad88f6f4ce6ab8827279cfffb92266
  To:                  0xcf7ed3acca5a467e9e704c703e8d87f634fb0fc9

[32meth_call[0m
  Contract call:       MockERC20#decimals
  From:                0xf39fd6e51aad88f6f4ce6ab8827279cfffb92266
  To:                  0xcf7ed3acca5a467e9e704c703e8d87f634fb0fc9

[32meth_call[0m
  Contract call:       BountyVault#totalAssets
  From:                0x70997970c51812dc3a010c7d01b50e0d17dc79c8
  To:                  0xc6e7df5e7b4f2a278906862b61205850344d4e7d

[32meth_call[0m
  Contract call:       BountyVault#totalSupply
  From:                0x70997970c51812dc3a010c7d01b50e0d17dc79c8
  To:                  0xc6e7df5e7b4f2a278906862b61205850344d4e7d

[32meth_call[0m
  Contract call:       BountyVault#totalYieldHarvested
  From:                0x70997970c51812dc3a010c7d01b50e0d17dc79c8
  To:                  0xc6e7df5e7b4f2a278906862b61205850344d4e7d

[32meth_call[0m
  Contract call:       MockERC20#balanceOf
  From:                0x70997970c51812dc3a010c7d01b50e0d17dc79c8
  To:                  0xcf7ed3acca5a467e9e704c703e8d87f634fb0fc9

[32meth_call[0m
  Contract call:       BountyVault#balanceOf
  From:                0x70997970c51812dc3a010c7d01b50e0d17dc79c8
  To:                  0xc6e7df5e7b4f2a278906862b61205850344d4e7d

[32meth_call[0m
  Contract call:       MockERC20#allowance
  From:                0x70997970c51812dc3a010c7d01b50e0d17dc79c8
  To:                  0xcf7ed3acca5a467e9e704c703e8d87f634fb0fc9

[32meth_blockNumber[0m
[32meth_estimateGas[0m
[32meth_getCode[0m
[32meth_getCode (2)[0m
[32meth_gasPrice[0m
[32meth_getBalance[0m
[32meth_blockNumber[0m
[31meth_call[0m
  Contract call:       MockERC20#<unrecognized-selector>
  From:                0xf39fd6e51aad88f6f4ce6ab8827279cfffb92266
  To:                  0xcf7ed3acca5a467e9e704c703e8d87f634fb0fc9

  Error: Transaction reverted without a reason

[31meth_call[0m
  Contract call:       MockERC20#<unrecognized-selector>
  From:                0xf39fd6e51aad88f6f4ce6ab8827279cfffb92266
  To:                  0xcf7ed3acca5a467e9e704c703e8d87f634fb0fc9

  Error: Transaction reverted without a reason

[31meth_call[0m
  Contract call:       MockERC20#<unrecognized-selector>
  From:                0xf39fd6e51aad88f6f4ce6ab8827279cfffb92266
  To:                  0xcf7ed3acca5a467e9e704c703e8d87f634fb0fc9

  Error: Transaction reverted without a reason

[32meth_blockNumber[0m
[32meth_getBlockByNumber[0m
[31meth_call[0m
  Contract call:       MockERC20#<unrecognized-selector>
  From:                0xf39fd6e51aad88f6f4ce6ab8827279cfffb92266
  To:                  0xcf7ed3acca5a467e9e704c703e8d87f634fb0fc9

  Error: Transaction reverted without a reason

[31meth_call[0m
  Contract call:       MockERC20#<unrecognized-selector>
  From:                0xf39fd6e51aad88f6f4ce6ab8827279cfffb92266
  To:                  0xcf7ed3acca5a467e9e704c703e8d87f634fb0fc9

  Error: Transaction reverted without a reason

[31meth_call[0m
  Contract call:       MockERC20#<unrecognized-selector>
  From:                0xf39fd6e51aad88f6f4ce6ab8827279cfffb92266
  To:                  0xcf7ed3acca5a467e9e704c703e8d87f634fb0fc9

  Error: Transaction reverted without a reason

[31meth_call[0m
  Contract call:       MockERC20#<unrecognized-selector>
  From:                0xf39fd6e51aad88f6f4ce6ab8827279cfffb92266
  To:                  0xcf7ed3acca5a467e9e704c703e8d87f634fb0fc9

  Error: Transaction reverted without a reason

[32meth_call[0m
  Contract call:       MockERC20#balanceOf
  From:                0xf39fd6e51aad88f6f4ce6ab8827279cfffb92266
  To:                  0xcf7ed3acca5a467e9e704c703e8d87f634fb0fc9

[31meth_call[0m
  Contract call:       MockERC20#<unrecognized-selector>
  From:                0xf39fd6e51aad88f6f4ce6ab8827279cfffb92266
  To:                  0xcf7ed3acca5a467e9e704c703e8d87f634fb0fc9

  Error: Transaction reverted without a reason

[31meth_call[0m
  Contract call:       MockERC20#<unrecognized-selector>
  From:                0xf39fd6e51aad88f6f4ce6ab8827279cfffb92266
  To:                  0xcf7ed3acca5a467e9e704c703e8d87f634fb0fc9

  Error: Transaction reverted without a reason

[32meth_getTransactionCount[0m
[32meth_sendRawTransaction[0m
  Contract call:       MockERC20#approve
  Transaction:         0x76f3ff46fe358587093ead01c633445a5b805725857c2fb929adafa77d66f957
  From:                0x70997970c51812dc3a010c7d01b50e0d17dc79c8
  To:                  0xcf7ed3acca5a467e9e704c703e8d87f634fb0fc9
  Value:               0 ETH
  Gas used:            46331 of 46331
  Block #30:           0xb378b3188de3d8357ba41c49cf05551299935b64da606c1ef47d2dd31798d2d6

[31meth_call[0m
  Contract call:       MockERC20#<unrecognized-selector>
  From:                0xf39fd6e51aad88f6f4ce6ab8827279cfffb92266
  To:                  0xcf7ed3acca5a467e9e704c703e8d87f634fb0fc9

  Error: Transaction reverted without a reason

[32meth_getTransactionReceipt[0m
[31meth_call[0m
  Contract deployment: <UnrecognizedContract>
  From:                0xf39fd6e51aad88f6f4ce6ab8827279cfffb92266

  TransactionExecutionError: StackOverflow

[32meth_blockNumber[0m
[31meth_call[0m
  Contract call:       MockERC20#<unrecognized-selector>
  From:                0xf39fd6e51aad88f6f4ce6ab8827279cfffb92266
  To:                  0xcf7ed3acca5a467e9e704c703e8d87f634fb0fc9

  Error: Transaction reverted without a reason

[32meth_call[0m
  Contract call:       MockERC20#symbol
  From:                0xf39fd6e51aad88f6f4ce6ab8827279cfffb92266
  To:                  0xcf7ed3acca5a467e9e704c703e8d87f634fb0fc9

[32meth_call[0m
  Contract call:       MockERC20#decimals
  From:                0xf39fd6e51aad88f6f4ce6ab8827279cfffb92266
  To:                  0xcf7ed3acca5a467e9e704c703e8d87f634fb0fc9

[32meth_call[0m
  Contract call:       BountyVault#totalAssets
  From:                0x70997970c51812dc3a010c7d01b50e0d17dc79c8
  To:                  0xc6e7df5e7b4f2a278906862b61205850344d4e7d

[32meth_call[0m
  Contract call:       BountyVault#totalSupply
  From:                0x70997970c51812dc3a010c7d01b50e0d17dc79c8
  To:                  0xc6e7df5e7b4f2a278906862b61205850344d4e7d

[32meth_call[0m
  Contract call:       BountyVault#totalYieldHarvested
  From:                0x70997970c51812dc3a010c7d01b50e0d17dc79c8
  To:                  0xc6e7df5e7b4f2a278906862b61205850344d4e7d

[32meth_call[0m
  Contract call:       MockERC20#balanceOf
  From:                0x70997970c51812dc3a010c7d01b50e0d17dc79c8
  To:                  0xcf7ed3acca5a467e9e704c703e8d87f634fb0fc9

[32meth_call[0m
  Contract call:       BountyVault#balanceOf
  From:                0x70997970c51812dc3a010c7d01b50e0d17dc79c8
  To:                  0xc6e7df5e7b4f2a278906862b61205850344d4e7d

[32meth_call[0m
  Contract call:       MockERC20#allowance
  From:                0x70997970c51812dc3a010c7d01b50e0d17dc79c8
  To:                  0xcf7ed3acca5a467e9e704c703e8d87f634fb0fc9

[31meth_call[0m
  Contract call:       MockERC20#<unrecognized-selector>
  From:                0xf39fd6e51aad88f6f4ce6ab8827279cfffb92266
  To:                  0xcf7ed3acca5a467e9e704c703e8d87f634fb0fc9

  Error: Transaction reverted without a reason

[31meth_call[0m
  Contract call:       MockERC20#<unrecognized-selector>
  From:                0xf39fd6e51aad88f6f4ce6ab8827279cfffb92266
  To:                  0xcf7ed3acca5a467e9e704c703e8d87f634fb0fc9

  Error: Transaction reverted without a reason

[32meth_blockNumber[0m
[32meth_estimateGas[0m
[32meth_getCode[0m
[32meth_getCode (2)[0m
[32meth_gasPrice[0m
[32meth_blockNumber[0m
[32meth_getBalance[0m
[31meth_call[0m
  Contract call:       BountyVault#<unrecognized-selector>
  From:                0xf39fd6e51aad88f6f4ce6ab8827279cfffb92266
  To:                  0xc6e7df5e7b4f2a278906862b61205850344d4e7d

  Error: Transaction reverted without a reason

[31meth_call[0m
  Contract call:       BountyVault#<unrecognized-selector>
  From:                0xf39fd6e51aad88f6f4ce6ab8827279cfffb92266
  To:                  0xc6e7df5e7b4f2a278906862b61205850344d4e7d

  Error: Transaction reverted without a reason

[32meth_call[0m
  Contract call:       BountyVault#symbol
  From:                0xf39fd6e51aad88f6f4ce6ab8827279cfffb92266
  To:                  0xc6e7df5e7b4f2a278906862b61205850344d4e7d

[32meth_call[0m
  Contract call:       BountyVault#decimals
  From:                0xf39fd6e51aad88f6f4ce6ab8827279cfffb92266
  To:                  0xc6e7df5e7b4f2a278906862b61205850344d4e7d

[32meth_blockNumber[0m
[32meth_getBlockByNumber[0m
[31meth_call[0m
  Contract call:       BountyVault#<unrecognized-selector>
  From:                0xf39fd6e51aad88f6f4ce6ab8827279cfffb92266
  To:                  0xc6e7df5e7b4f2a278906862b61205850344d4e7d

  Error: Transaction reverted without a reason

[31meth_call[0m
  Contract call:       BountyVault#<unrecognized-selector>
  From:                0xf39fd6e51aad88f6f4ce6ab8827279cfffb92266
  To:                  0xc6e7df5e7b4f2a278906862b61205850344d4e7d

  Error: Transaction reverted without a reason

[32meth_call[0m
  Contract call:       BountyVault#balanceOf
  From:                0xf39fd6e51aad88f6f4ce6ab8827279cfffb92266
  To:                  0xc6e7df5e7b4f2a278906862b61205850344d4e7d

[32meth_blockNumber[0m
[32meth_blockNumber (2)[0m
[32meth_getTransactionCount[0m
[32meth_sendRawTransaction[0m
  Contract call:       BountyVault#harvestYield
  Transaction:         0xbf6821d87124bdcbb0b3e8923dd2a8f3ed10df146cb30ac63a23c3c1450cc21a
  From:                0x70997970c51812dc3a010c7d01b50e0d17dc79c8
  To:                  0xc6e7df5e7b4f2a278906862b61205850344d4e7d
  Value:               0 ETH
  Gas used:            85053 of 85053
  Block #31:           0x2d8f6dbfe204b338066ec26ff10bf47cbc3fe11b36c945b7147aa96ac1932faf

[31meth_call[0m
  Contract call:       BountyVault#<unrecognized-selector>
  From:                0xf39fd6e51aad88f6f4ce6ab8827279cfffb92266
  To:                  0xc6e7df5e7b4f2a278906862b61205850344d4e7d

  Error: Transaction reverted without a reason

[31meth_call[0m
  Contract deployment: <UnrecognizedContract>
  From:                0xf39fd6e51aad88f6f4ce6ab8827279cfffb92266

  TransactionExecutionError: StackOverflow

[31meth_call[0m
  Contract call:       BountyVault#<unrecognized-selector>
  From:                0xf39fd6e51aad88f6f4ce6ab8827279cfffb92266
  To:                  0xc6e7df5e7b4f2a278906862b61205850344d4e7d

  Error: Transaction reverted without a reason

[31meth_call[0m
  Contract call:       BountyVault#<unrecognized-selector>
  From:                0xf39fd6e51aad88f6f4ce6ab8827279cfffb92266
  To:                  0xc6e7df5e7b4f2a278906862b61205850344d4e7d

  Error: Transaction reverted without a reason

[31meth_call[0m
  Contract call:       BountyVault#<unrecognized-selector>
  From:                0xf39fd6e51aad88f6f4ce6ab8827279cfffb92266
  To:                  0xc6e7df5e7b4f2a278906862b61205850344d4e7d

  Error: Transaction reverted without a reason

[32meth_getTransactionReceipt[0m
[32meth_blockNumber[0m
[32meth_call[0m
  Contract call:       BountyVault#totalAssets
  From:                0x70997970c51812dc3a010c7d01b50e0d17dc79c8
  To:                  0xc6e7df5e7b4f2a278906862b61205850344d4e7d

[32meth_call[0m
  Contract call:       BountyVault#totalSupply
  From:                0x70997970c51812dc3a010c7d01b50e0d17dc79c8
  To:                  0xc6e7df5e7b4f2a278906862b61205850344d4e7d

[32meth_call[0m
  Contract call:       BountyVault#totalYieldHarvested
  From:                0x70997970c51812dc3a010c7d01b50e0d17dc79c8
  To:                  0xc6e7df5e7b4f2a278906862b61205850344d4e7d

[32meth_call[0m
  Contract call:       MockERC20#balanceOf
  From:                0x70997970c51812dc3a010c7d01b50e0d17dc79c8
  To:                  0xcf7ed3acca5a467e9e704c703e8d87f634fb0fc9

[32meth_call[0m
  Contract call:       BountyVault#balanceOf
  From:                0x70997970c51812dc3a010c7d01b50e0d17dc79c8
  To:                  0xc6e7df5e7b4f2a278906862b61205850344d4e7d

[32meth_call[0m
  Contract call:       MockERC20#allowance
  From:                0x70997970c51812dc3a010c7d01b50e0d17dc79c8
  To:                  0xcf7ed3acca5a467e9e704c703e8d87f634fb0fc9

^C